Microchip MPLAB XC8 Compiler V2.40

Linker command line:

-W-3 \
  --edf=C:/Users/willi/.mchp_packs/Microchip/PIC18F-K_DFP/1.13.292/xc8\pic\dat\20231012153220_en.msgs \
  -cn -h+dist/default/production\BeeBot_Integrated.X.production.sym \
  --cmf=dist/default/production\BeeBot_Integrated.X.production.cmf -z \
  -Q18F46K22 -oC:\Users\willi\AppData\Local\Temp\xcAsmfg.4 \
  --defsym=__MPLAB_BUILD=1 --fixupoverflow=error \
  -Mdist/default/production/BeeBot_Integrated.X.production.map \
  --md=C:\Users\willi\AppData\Local\Temp\xcAsmfg.dat -E1 -ver=XC8 Compiler \
  --acfsm=1493 -ACODE=00h-0FFFFh -ACONST=00h-0FFFFh \
  -ASMALLCONST=01000h-010FFhx240 -AMEDIUMCONST=01000h-0FFFFh \
  -ACOMRAM=01h-05Fh -AABS1=00h-0F37h -ABIGRAM=01h-0F37h \
  -ARAM=060h-0FFh,0100h-01FFhx14,0F00h-0F37h -ABANK0=060h-0FFh \
  -ABANK1=0100h-01FFh -ABANK2=0200h-02FFh -ABANK3=0300h-03FFh \
  -ABANK4=0400h-04FFh -ABANK5=0500h-05FFh -ABANK6=0600h-06FFh \
  -ABANK7=0700h-07FFh -ABANK8=0800h-08FFh -ABANK9=0900h-09FFh \
  -ABANK10=0A00h-0AFFh -ABANK11=0B00h-0BFFh -ABANK12=0C00h-0CFFh \
  -ABANK13=0D00h-0DFFh -ABANK14=0E00h-0EFFh -ABANK15=0F00h-0F37h \
  -ASFR=0F38h-0F5Fh,0F60h-0FFFh -ABIGSFR=0F38h-0FFFh \
  -ACONFIG=0300000h-030000Dh -AIDLOC=0200000h-0200007h \
  -AEEDATA=0F00000h-0F003FFh -peeprom_data=EEDATA \
  -preset_vec=00h,intcode=08h,intcodelo,powerup,init -pramtop=01000h \
  -psmallconst=SMALLCONST -pmediumconst=MEDIUMCONST -pconst=CONST \
  -AFARRAM=00h-00h \
  -prdata=COMRAM,nvrram=COMRAM,nvbit=COMRAM,rbss=COMRAM,rbit=COMRAM \
  -pfarbss=FARRAM,fardata=FARRAM,nvFARRAM=FARRAM \
  -pintsave_regs=BIGRAM,bigbss=BIGRAM,bigdata=BIGRAM -pbss=RAM \
  -pidata=CODE,irdata=CODE,ibigdata=CODE,ifardata=CODE -prparam=COMRAM \
  C:\Users\willi\AppData\Local\Temp\xcAsmfg.o \
  dist/default/production\BeeBot_Integrated.X.production.o 

Object code version is 3.11

Machine type is 18F46K22



                Name                               Link     Load   Length Selector   Space Scale
C:\Users\willi\AppData\Local\Temp\xcAsmfg.o
                idloc                            200000   200000        8        0       5
                config                           300000   300000        E        0       4
                init                                25A      25A        4        4       0
                reset_vec                             0        0        4        0       0
dist/default/production\BeeBot_Integrated.X.production.o
                intcode                               8        8      252        4       0
                idloc                            200000   200000        8        0       5
                config                           300000   300000        E        0       4
                temp                                 5D       5D        1        1       1
                mediumconst                        FC48     FC48      3B8     7E24       0
                text114                            898C     898C       86        4       0
                text113                            92BC     92BC       50        4       0
                text112                            7438     7438      120        4       0
                text111                            8128     8128       DA        4       0
                text110                            8E6E     8E6E       66        4       0
                text109                            8E08     8E08       66        4       0
                text108                            804A     804A       DE        4       0
                text107                            90BC     90BC       5E        4       0
                text106                            617E     617E      214        4       0
                text105                            98B0     98B0       1A        4       0
                text104                            9896     9896       1A        4       0
                text103                            985A     985A       20        4       0
                text102                            991C     991C        6     4C83       0
                text101                            9704     9704       2C        4       0
                text100                            905C     905C       60        4       0
                text99                             9818     9818       22        4       0
                text98                             51C6     51C6      39A        4       0
                text97                             8746     8746       AA        4       0
                text96                             7A9C     7A9C      104        4       0
                text95                             49E2     49E2      42A        4       0
                text94                             9608     9608       38        4       0
                text93                             8D36     8D36       6A        4       0
                text92                             97D0     97D0       26        4       0
                text91                             68EA     68EA      1B4        4       0
                text90                             95D0     95D0       38        4       0
                text89                             9926     9926        2     4C83       0
                text88                             9598     9598       38        4       0
                text87                              25E      25E     1044        4       0
                text86                             97AA     97AA       26        4       0
                text85                             7784     7784      10C        4       0
                text84                             5D0A     5D0A      25E        4       0
                text83                             7996     7996      106        4       0
                text82                             7890     7890      106        4       0
                text81                             8BEE     8BEE       70        4       0
                text79                             4E0C     4E0C      3BA        4       0
                text78                             4528     4528      4BA        4       0
                text77                             6732     6732      1B8        4       0
                text76                             83A0     83A0       CA        4       0
                text75                             70C6     70C6      12A        4       0
                text74                             4066     4066      4C2        4       0
                text73                             939C     939C       48        4       0
                text72                             6392     6392      1D8        4       0
                text71                             9730     9730       2A        4       0
                text70                             846A     846A       C6        4       0
                text69                             7558     7558      11E        4       0
                text68                             5AA4     5AA4      266        4       0
                text67                             946C     946C       40        4       0
                text66                             8F9A     8F9A       62        4       0
                text65                             987A     987A       1C        4       0
                text64                             97F6     97F6       22        4       0
                text63                             911A     911A       58        4       0
                text62                             9906     9906        C     4C83       0
                text61                             98E0     98E0       16        4       0
                text60                             98CA     98CA       16        4       0
                text59                             8ED4     8ED4       64        4       0
                text58                             9782     9782       28        4       0
                text57                             96D6     96D6       2E        4       0
                text56                             9354     9354       48        4       0
                text55                             656A     656A      1C8        4       0
                text54                             6DD6     6DD6      18A        4       0
                text53                             6F60     6F60      166        4       0
                text52                             942A     942A       42        4       0
                text51                             9924     9924        2     4C83       0
                text50                             82D4     82D4       CC        4       0
                text49                             930C     930C       48        4       0
                text48                             8A12     8A12       7E        4       0
                text47                             5810     5810      294        4       0
                text46                             869A     869A       AC        4       0
                text45                             955E     955E       3A        4       0
                text44                             7BA0     7BA0      100        4       0
                text43                             5F68     5F68      216        4       0
                text42                             8DA0     8DA0       68        4       0
                text41                             926A     926A       52        4       0
                text40                             8FFC     8FFC       60        4       0
                text39                             1D9C     1D9C      A5E        4       0
                text38                             6A9E     6A9E      1A2        4       0
                text37                             301C     301C      694        4       0
                text36                             9218     9218       52        4       0
                text35                             91C6     91C6       52        4       0
                text34                             9172     9172       54        4       0
                text33                             94AC     94AC       3E        4       0
                text32                             8B08     8B08       74        4       0
                text31                             8CCA     8CCA       6C        4       0
                text30                             9524     9524       3A        4       0
                text29                             8F38     8F38       62        4       0
                text28                             96A8     96A8       2E        4       0
                text27                             94EA     94EA       3A        4       0
                text26                             36B0     36B0      4EA        4       0
                text25                             9674     9674       34        4       0
                text24                             93E4     93E4       46        4       0
                text23                             7676     7676      10E        4       0
                text22                             7D94     7D94       EE        4       0
                text21                             87F0     87F0       8E        4       0
                text20                             7318     7318      120        4       0
                text19                             975A     975A       28        4       0
                text18                             8B7C     8B7C       72        4       0
                text17                             71F0     71F0      128        4       0
                text16                             983A     983A       20        4       0
                text15                             7CA0     7CA0       F4        4       0
                text14                             9912     9912        A     4C83       0
                text13                             887E     887E       88        4       0
                text12                             27FA     27FA      822        4       0
                text11                             6C40     6C40      196        4       0
                text10                             5560     5560      2B0        4       0
                text9                              7F6C     7F6C       DE        4       0
                text8                              8530     8530       B8        4       0
                text7                              85E8     85E8       B2        4       0
                text6                              8202     8202       D2        4       0
                text5                              8A90     8A90       78        4       0
                text4                              12A2     12A2      AFA        4       0
                text3                              8C5E     8C5E       6C        4       0
                text2                              9640     9640       34        4       0
                text1                              8906     8906       86        4       0
                text0                              3B9A     3B9A      4CC        4       0
                cstackCOMRAM                          1        1       55        1       1
                cstackBANK0                          60       60       4C       60       1
                cstackBANK1                         100      100       EA      100       1
                cstackBANK2                         200      200       D3      200       1
                cstackBANK5                         5C8      5C8       28      500       1
                bssBIGRAM                           AC8      AC8      410      AC8       1
                bssBANK10                           A00      A00       C8      A00       1
                bssBANK9                            900      900       E1      900       1
                bssBANK8                            800      800       E1      800       1
                bssBANK7                            700      700       E1      700       1
                bssBANK6                            600      600       E1      600       1
                bssBANK5                            500      500       C8      500       1
                bssBANK4                            400      400       F0      400       1
                bssBANK3                            300      300       EF      300       1
                bssBANK2                            2D3      2D3       28      200       1
                dataBANK1                           1EA      1EA        F      100       1
                bssBANK1                            1F9      1F9        7      100       1
                dataBANK0                            D3       D3        2       60       1
                bssBANK0                             AC       AC       27       60       1
                bssCOMRAM                            56       56        7        1       1
                cinit                              7E82     7E82       EA        4       0
                idataBANK1                         98F6     98F6        F        4       0
                idataBANK0                         9922     9922        2     4C83       0

TOTAL           Name                               Link     Load   Length     Space
        CLASS   CODE           
                intcode                               8        8      252         0
                init                                25A      25A        4         0
                reset_vec                             0        0        4         0
                text114                            898C     898C       86         0
                text113                            92BC     92BC       50         0
                text112                            7438     7438      120         0
                text111                            8128     8128       DA         0
                text110                            8E6E     8E6E       66         0
                text109                            8E08     8E08       66         0
                text108                            804A     804A       DE         0
                text107                            90BC     90BC       5E         0
                text106                            617E     617E      214         0
                text105                            98B0     98B0       1A         0
                text104                            9896     9896       1A         0
                text103                            985A     985A       20         0
                text102                            991C     991C        6         0
                text101                            9704     9704       2C         0
                text100                            905C     905C       60         0
                text99                             9818     9818       22         0
                text98                             51C6     51C6      39A         0
                text97                             8746     8746       AA         0
                text96                             7A9C     7A9C      104         0
                text95                             49E2     49E2      42A         0
                text94                             9608     9608       38         0
                text93                             8D36     8D36       6A         0
                text92                             97D0     97D0       26         0
                text91                             68EA     68EA      1B4         0
                text90                             95D0     95D0       38         0
                text89                             9926     9926        2         0
                text88                             9598     9598       38         0
                text87                              25E      25E     1044         0
                text86                             97AA     97AA       26         0
                text85                             7784     7784      10C         0
                text84                             5D0A     5D0A      25E         0
                text83                             7996     7996      106         0
                text82                             7890     7890      106         0
                text81                             8BEE     8BEE       70         0
                text79                             4E0C     4E0C      3BA         0
                text78                             4528     4528      4BA         0
                text77                             6732     6732      1B8         0
                text76                             83A0     83A0       CA         0
                text75                             70C6     70C6      12A         0
                text74                             4066     4066      4C2         0
                text73                             939C     939C       48         0
                text72                             6392     6392      1D8         0
                text71                             9730     9730       2A         0
                text70                             846A     846A       C6         0
                text69                             7558     7558      11E         0
                text68                             5AA4     5AA4      266         0
                text67                             946C     946C       40         0
                text66                             8F9A     8F9A       62         0
                text65                             987A     987A       1C         0
                text64                             97F6     97F6       22         0
                text63                             911A     911A       58         0
                text62                             9906     9906        C         0
                text61                             98E0     98E0       16         0
                text60                             98CA     98CA       16         0
                text59                             8ED4     8ED4       64         0
                text58                             9782     9782       28         0
                text57                             96D6     96D6       2E         0
                text56                             9354     9354       48         0
                text55                             656A     656A      1C8         0
                text54                             6DD6     6DD6      18A         0
                text53                             6F60     6F60      166         0
                text52                             942A     942A       42         0
                text51                             9924     9924        2         0
                text50                             82D4     82D4       CC         0
                text49                             930C     930C       48         0
                text48                             8A12     8A12       7E         0
                text47                             5810     5810      294         0
                text46                             869A     869A       AC         0
                text45                             955E     955E       3A         0
                text44                             7BA0     7BA0      100         0
                text43                             5F68     5F68      216         0
                text42                             8DA0     8DA0       68         0
                text41                             926A     926A       52         0
                text40                             8FFC     8FFC       60         0
                text39                             1D9C     1D9C      A5E         0
                text38                             6A9E     6A9E      1A2         0
                text37                             301C     301C      694         0
                text36                             9218     9218       52         0
                text35                             91C6     91C6       52         0
                text34                             9172     9172       54         0
                text33                             94AC     94AC       3E         0
                text32                             8B08     8B08       74         0
                text31                             8CCA     8CCA       6C         0
                text30                             9524     9524       3A         0
                text29                             8F38     8F38       62         0
                text28                             96A8     96A8       2E         0
                text27                             94EA     94EA       3A         0
                text26                             36B0     36B0      4EA         0
                text25                             9674     9674       34         0
                text24                             93E4     93E4       46         0
                text23                             7676     7676      10E         0
                text22                             7D94     7D94       EE         0
                text21                             87F0     87F0       8E         0
                text20                             7318     7318      120         0
                text19                             975A     975A       28         0
                text18                             8B7C     8B7C       72         0
                text17                             71F0     71F0      128         0
                text16                             983A     983A       20         0
                text15                             7CA0     7CA0       F4         0
                text14                             9912     9912        A         0
                text13                             887E     887E       88         0
                text12                             27FA     27FA      822         0
                text11                             6C40     6C40      196         0
                text10                             5560     5560      2B0         0
                text9                              7F6C     7F6C       DE         0
                text8                              8530     8530       B8         0
                text7                              85E8     85E8       B2         0
                text6                              8202     8202       D2         0
                text5                              8A90     8A90       78         0
                text4                              12A2     12A2      AFA         0
                text3                              8C5E     8C5E       6C         0
                text2                              9640     9640       34         0
                text1                              8906     8906       86         0
                text0                              3B9A     3B9A      4CC         0
                cinit                              7E82     7E82       EA         0
                idataBANK1                         98F6     98F6        F         0
                idataBANK0                         9922     9922        2         0

        CLASS   CONST          

        CLASS   SMALLCONST     

        CLASS   MEDIUMCONST    
                mediumconst                        FC48     FC48      3B8         0

        CLASS   COMRAM         
                temp                                 5D       5D        1         1
                cstackCOMRAM                          1        1       55         1
                bssCOMRAM                            56       56        7         1

        CLASS   ABS1           

        CLASS   BIGRAM         
                bssBIGRAM                           AC8      AC8      410         1

        CLASS   RAM            

        CLASS   BANK0          
                cstackBANK0                          60       60       4C         1
                dataBANK0                            D3       D3        2         1
                bssBANK0                             AC       AC       27         1

        CLASS   BANK1          
                cstackBANK1                         100      100       EA         1
                dataBANK1                           1EA      1EA        F         1
                bssBANK1                            1F9      1F9        7         1

        CLASS   BANK2          
                cstackBANK2                         200      200       D3         1
                bssBANK2                            2D3      2D3       28         1

        CLASS   BANK3          
                bssBANK3                            300      300       EF         1

        CLASS   BANK4          
                bssBANK4                            400      400       F0         1

        CLASS   BANK5          
                cstackBANK5                         5C8      5C8       28         1
                bssBANK5                            500      500       C8         1

        CLASS   BANK6          
                bssBANK6                            600      600       E1         1

        CLASS   BANK7          
                bssBANK7                            700      700       E1         1

        CLASS   BANK8          
                bssBANK8                            800      800       E1         1

        CLASS   BANK9          
                bssBANK9                            900      900       E1         1

        CLASS   BANK10         
                bssBANK10                           A00      A00       C8         1

        CLASS   BANK11         

        CLASS   BANK12         

        CLASS   BANK13         

        CLASS   BANK14         

        CLASS   BANK15         

        CLASS   SFR            

        CLASS   BIGSFR         

        CLASS   CONFIG         
                config                           300000   300000        E         4

        CLASS   IDLOC          
                idloc                            200000   200000        8         5

        CLASS   EEDATA         

        CLASS   FARRAM         

        CLASS   HEAP           

        CLASS   STACK          



SEGMENTS        Name                           Load    Length   Top    Selector   Space  Class

                reset_vec                      000000  000004  000004         0       0  CODE    
                cstackCOMRAM                   000001  00005D  00005E         1       1  COMRAM  
                intcode                        000008  0098FD  009905         4       0  CODE    
                cstackBANK0                    000060  000075  0000D5        60       1  BANK0   
                cstackBANK1                    000100  000100  000200       100       1  BANK1   
                cstackBANK2                    000200  0000FB  0002FB       200       1  BANK2   
                bssBANK3                       000300  0000EF  0003EF       300       1  BANK3   
                bssBANK4                       000400  0000F0  0004F0       400       1  BANK4   
                bssBANK5                       000500  0000F0  0005F0       500       1  BANK5   
                bssBANK6                       000600  0000E1  0006E1       600       1  BANK6   
                bssBANK7                       000700  0000E1  0007E1       700       1  BANK7   
                bssBANK8                       000800  0000E1  0008E1       800       1  BANK8   
                bssBANK9                       000900  0000E1  0009E1       900       1  BANK9   
                bssBANK10                      000A00  0000C8  000AC8       A00       1  BANK10  
                bssBIGRAM                      000AC8  000410  000ED8       AC8       1  BIGRAM  
                text62                         009906  000022  009928      4C83       0  CODE    
                mediumconst                    00FC48  0003B8  010000      7E24       0  MEDIUMCO


UNUSED ADDRESS RANGES

        Name                Unused          Largest block    Delta
        BANK0            0000D5-0000FF               2B
        BANK14           000ED8-000EFF               28
        BANK15           000F00-000F37               38
        BANK2            0002FB-0002FF                5
        BANK3            0003EF-0003FF               11
        BANK4            0004F0-0004FF               10
        BANK5            0005F0-0005FF               10
        BANK6            0006E1-0006FF               1F
        BANK7            0007E1-0007FF               1F
        BANK8            0008E1-0008FF               1F
        BANK9            0009E1-0009FF               1F
        BIGRAM           00005E-00005F                2
                         0000D5-0000FF               2B
                         0002FB-0002FF                5
                         0003EF-0003FF               11
                         0004F0-0004FF               10
                         0005F0-0005FF               10
                         0006E1-0006FF               1F
                         0007E1-0007FF               1F
                         0008E1-0008FF               1F
                         0009E1-0009FF               1F
                         000ED8-000F37               60
        BIGSFR           000F38-000FFF               C8
        CODE             000004-000007                4
                         009905-009905                1
                         009928-00FC47             6320
        COMRAM           00005E-00005F                2
        CONST            000004-000007                4
                         009905-009905                1
                         009928-00FC47             6320
        EEDATA           F00000-F003FF              400
        MEDIUMCONST      009905-009905                1
                         009928-00FC47             6320
        RAM              0000D5-0000FF               2B
                         0002FB-0002FF                5
                         0003EF-0003FF               11
                         0004F0-0004FF               10
                         0005F0-0005FF               10
                         0006E1-0006FF               1F
                         0007E1-0007FF               1F
                         0008E1-0008FF               1F
                         0009E1-0009FF               1F
                         000ED8-000F37               28
        SFR              000F38-000FFF               28
        SMALLCONST       009905-009905                1
                         009928-00FC47              100

                                  Symbol Table

?___aldiv                                  cstackBANK0  00008B
?___almod                                  cstackBANK0  00008B
?___aodiv                                  cstackBANK0  00008B
?___aomod                                  cstackBANK0  00008B
?___awdiv                                  cstackBANK0  00008B
?___awmod                                  cstackBANK0  00008B
?___fladd                                  cstackBANK1  000122
?___fldiv                                  cstackBANK1  00010D
?___flmul                                  cstackBANK0  000099
?___flneg                                  cstackBANK0  00008B
?___flsub                                  cstackBANK1  000132
?___fltol                                  cstackBANK1  000132
?___fpclassifyf                            cstackBANK0  00008B
?___lmul                                   cstackBANK0  00008B
?___strtoxl                                cstackBANK0  000098
?___wmul                                   cstackBANK0  00008B
?___xxtofl                                 cstackBANK0  00008B
?_abs                                      cstackBANK0  00009D
?_adc_to_actual                            cstackBANK1  000122
?_atof                                     cstackCOMRAM 00002F
?_atoi                                     cstackBANK0  000091
?_atol                                     cstackBANK0  000097
?_calculate_battery_percentage             cstackBANK1  00013A
?_extractHexadecimalValue                  cstackBANK1  000112
?_floorf                                   cstackBANK1  000122
?_get_coords_usb                           cstackBANK1  000141
?_isalnum                                  cstackBANK0  000091
?_isalpha                                  cstackBANK0  00008B
?_isdigit                                  cstackBANK0  00008B
?_islower                                  cstackBANK0  00008B
?_isspace                                  cstackBANK0  00008B
?_isxdigit                                 cstackCOMRAM 000005
?_labs                                     cstackBANK0  00008B
?_nanf                                     cstackCOMRAM 000001
?_sprintf                                  cstackBANK1  000196
?_strchr                                   cstackCOMRAM 000001
?_strcmp                                   cstackBANK0  00008B
?_strcspn                                  cstackCOMRAM 000007
?_strlen                                   cstackBANK0  00008B
?_strncmp                                  cstackBANK0  00008B
?_strspn                                   cstackCOMRAM 000007
?_strstr                                   cstackCOMRAM 00000C
?_strtof                                   cstackCOMRAM 00001A
?_strtok                                   cstackCOMRAM 00000E
?_strtol                                   cstackBANK0  0000A3
?_toupper                                  cstackBANK0  00008F
?_vfprintf                                 cstackBANK1  00018E
?i2___aldiv                                cstackCOMRAM 000001
?i2___fldiv                                cstackCOMRAM 000001
?i2___flmul                                cstackCOMRAM 000001
?i2___flneg                                cstackCOMRAM 000001
?i2___fltol                                cstackCOMRAM 000001
?i2___lmul                                 cstackCOMRAM 000001
?i2___wmul                                 cstackCOMRAM 000001
?i2___xxtofl                               cstackCOMRAM 000001
?i2_isdigit                                cstackCOMRAM 000001
?i2_strlen                                 cstackCOMRAM 000001
?i2_strncmp                                cstackCOMRAM 000001
?i2_toupper                                cstackCOMRAM 000003
ISR@F7133                                  bssBANK5     000578
ISR@MRF_input                              cstackBANK0  000088
ISR@gps_input                              cstackBANK0  000089
ISR@temp_receive_string                    cstackBANK0  000060
ISR@usb_input                              cstackBANK0  00008A
_ADCON0bits                                (abs)        000FC2
_ADCON1bits                                (abs)        000FC1
_ADCON2bits                                (abs)        000FC0
_ANSELA                                    (abs)        000F38
_ANSELB                                    (abs)        000F39
_ANSELC                                    (abs)        000F3A
_ANSELD                                    (abs)        000F3B
_ANSELE                                    (abs)        000F3C
_INTCON2bits                               (abs)        000FF1
_INTCON3bits                               (abs)        000FF0
_INTCONbits                                (abs)        000FF2
_ISR                                       intcode      000008
_LATAbits                                  (abs)        000F89
_LATCbits                                  (abs)        000F8B
_LATDbits                                  (abs)        000F8C
_LATEbits                                  (abs)        000F8D
_MRF_message                               bssBANK3     00033B
_MRF_message_received                      bssBANK1     0001FD
_MRF_param1                                bssBANK3     000328
_MRF_param2                                bssBANK3     00031E
_MRF_transmitting                          bssBANK0     0000D2
_OSCCON                                    (abs)        000FD3
_PIE1bits                                  (abs)        000F9D
_PIE3bits                                  (abs)        000FA3
_PIR1bits                                  (abs)        000F9E
_PIR3bits                                  (abs)        000FA4
_PORTAbits                                 (abs)        000F80
_PORTBbits                                 (abs)        000F81
_RCONbits                                  (abs)        000FD0
_RCREG1                                    (abs)        000FAE
_RCREG2                                    (abs)        000F74
_RCSTA1bits                                (abs)        000FAB
_RCSTA2bits                                (abs)        000F71
_SPBRG1                                    (abs)        000FAF
_SPBRG2                                    (abs)        000F75
_SSP1BUF                                   (abs)        000FC9
_SSP1CON1                                  (abs)        000FC6
_SSP1CON1bits                              (abs)        000FC6
_SSP1STATbits                              (abs)        000FC7
_T0CON                                     (abs)        000FD5
_T0CONbits                                 (abs)        000FD5
_TMR0H                                     (abs)        000FD7
_TMR0IE                                    (abs)        007F95
_TMR0IF                                    (abs)        007F92
_TMR0L                                     (abs)        000FD6
_TRISAbits                                 (abs)        000F92
_TRISBbits                                 (abs)        000F93
_TRISCbits                                 (abs)        000F94
_TRISDbits                                 (abs)        000F95
_TRISEbits                                 (abs)        000F96
_TXREG2                                    (abs)        000F73
_TXSTA1bits                                (abs)        000FAC
_TXSTA2bits                                (abs)        000F72
_USB_param1                                bssBANK3     000314
_USB_param2                                bssBANK3     00030A
__HRAM                                     (abs)        000000
__Habs1                                    abs1         000000
__Hbank0                                   bank0        000000
__Hbank1                                   bank1        000000
__Hbank10                                  bank10       000000
__Hbank11                                  bank11       000000
__Hbank12                                  bank12       000000
__Hbank13                                  bank13       000000
__Hbank14                                  bank14       000000
__Hbank15                                  bank15       000000
__Hbank2                                   bank2        000000
__Hbank3                                   bank3        000000
__Hbank4                                   bank4        000000
__Hbank5                                   bank5        000000
__Hbank6                                   bank6        000000
__Hbank7                                   bank7        000000
__Hbank8                                   bank8        000000
__Hbank9                                   bank9        000000
__Hbigbss                                  bigbss       000000
__Hbigdata                                 bigdata      000000
__Hbigram                                  bigram       000000
__Hbigsfr                                  bigsfr       000000
__Hbss                                     bss          000000
__HbssBANK0                                bssBANK0     000000
__HbssBANK1                                bssBANK1     000000
__HbssBANK10                               bssBANK10    000000
__HbssBANK2                                bssBANK2     000000
__HbssBANK3                                bssBANK3     000000
__HbssBANK4                                bssBANK4     000000
__HbssBANK5                                bssBANK5     000000
__HbssBANK6                                bssBANK6     000000
__HbssBANK7                                bssBANK7     000000
__HbssBANK8                                bssBANK8     000000
__HbssBANK9                                bssBANK9     000000
__HbssBIGRAM                               bssBIGRAM    000000
__HbssCOMRAM                               bssCOMRAM    000000
__Hcinit                                   cinit        000000
__Hclrtext                                 clrtext      000000
__Hcomram                                  comram       000000
__Hconfig                                  config       30000E
__Hconst                                   const        000000
__HcstackBANK0                             cstackBANK0  000000
__HcstackBANK1                             cstackBANK1  000000
__HcstackBANK2                             cstackBANK2  000000
__HcstackBANK5                             cstackBANK5  000000
__HcstackCOMRAM                            cstackCOMRAM 000000
__Hdata                                    data         000000
__HdataBANK0                               dataBANK0    000000
__HdataBANK1                               dataBANK1    000000
__Heeprom_data                             eeprom_data  000000
__Hfarbss                                  farbss       000000
__Hfardata                                 fardata      000000
__Hheap                                    heap         000000
__Hibigdata                                ibigdata     000000
__Hidata                                   idata        000000
__HidataBANK0                              idataBANK0   000000
__HidataBANK1                              idataBANK1   000000
__Hidloc                                   idloc        200008
__Hifardata                                ifardata     000000
__Hinit                                    init         00025E
__Hintcode                                 intcode      00025A
__Hintcode_body                            intcode_body 000000
__Hintcodelo                               intcodelo    00025A
__Hintentry                                intentry     000000
__Hintret                                  intret       000000
__Hintsave_regs                            intsave_regs 000000
__Hirdata                                  irdata       000000
__Hmediumconst                             mediumconst  010000
__HnvFARRAM                                nvFARRAM     000000
__Hnvbit                                   nvbit        000000
__Hnvrram                                  nvrram       000000
__Hparam                                   rparam       000000
__Hpowerup                                 powerup      00025A
__Hram                                     ram          000000
__Hramtop                                  ramtop       001000
__Hrbit                                    rbit         000000
__Hrbss                                    rbss         000000
__Hrdata                                   rdata        000000
__Hreset_vec                               reset_vec    000004
__Hrparam                                  rparam       000000
__Hsfr                                     sfr          000000
__Hsmallconst                              smallconst   000000
__Hspace_0                                 (abs)        010000
__Hspace_1                                 (abs)        000ED8
__Hspace_2                                 (abs)        000000
__Hspace_4                                 (abs)        60000E
__Hstack                                   stack        000000
__Hstruct                                  struct       000000
__Htemp                                    temp         00005E
__Htext                                    text         000000
__Htext0                                   text0        000000
__Htext1                                   text1        000000
__Htext10                                  text10       000000
__Htext100                                 text100      000000
__Htext101                                 text101      000000
__Htext102                                 text102      000000
__Htext103                                 text103      000000
__Htext104                                 text104      000000
__Htext105                                 text105      000000
__Htext106                                 text106      000000
__Htext107                                 text107      000000
__Htext108                                 text108      000000
__Htext109                                 text109      000000
__Htext11                                  text11       000000
__Htext110                                 text110      000000
__Htext111                                 text111      000000
__Htext112                                 text112      000000
__Htext113                                 text113      000000
__Htext114                                 text114      000000
__Htext12                                  text12       000000
__Htext13                                  text13       000000
__Htext14                                  text14       000000
__Htext15                                  text15       000000
__Htext16                                  text16       000000
__Htext17                                  text17       000000
__Htext18                                  text18       000000
__Htext19                                  text19       000000
__Htext2                                   text2        000000
__Htext20                                  text20       000000
__Htext21                                  text21       000000
__Htext22                                  text22       000000
__Htext23                                  text23       000000
__Htext24                                  text24       000000
__Htext25                                  text25       000000
__Htext26                                  text26       000000
__Htext27                                  text27       000000
__Htext28                                  text28       000000
__Htext29                                  text29       000000
__Htext3                                   text3        000000
__Htext30                                  text30       000000
__Htext31                                  text31       000000
__Htext32                                  text32       000000
__Htext33                                  text33       000000
__Htext34                                  text34       000000
__Htext35                                  text35       000000
__Htext36                                  text36       000000
__Htext37                                  text37       000000
__Htext38                                  text38       000000
__Htext39                                  text39       000000
__Htext4                                   text4        000000
__Htext40                                  text40       000000
__Htext41                                  text41       000000
__Htext42                                  text42       000000
__Htext43                                  text43       000000
__Htext44                                  text44       000000
__Htext45                                  text45       000000
__Htext46                                  text46       000000
__Htext47                                  text47       000000
__Htext48                                  text48       000000
__Htext49                                  text49       000000
__Htext5                                   text5        000000
__Htext50                                  text50       000000
__Htext51                                  text51       000000
__Htext52                                  text52       000000
__Htext53                                  text53       000000
__Htext54                                  text54       000000
__Htext55                                  text55       000000
__Htext56                                  text56       000000
__Htext57                                  text57       000000
__Htext58                                  text58       000000
__Htext59                                  text59       000000
__Htext6                                   text6        000000
__Htext60                                  text60       000000
__Htext61                                  text61       000000
__Htext62                                  text62       000000
__Htext63                                  text63       000000
__Htext64                                  text64       000000
__Htext65                                  text65       000000
__Htext66                                  text66       000000
__Htext67                                  text67       000000
__Htext68                                  text68       000000
__Htext69                                  text69       000000
__Htext7                                   text7        000000
__Htext70                                  text70       000000
__Htext71                                  text71       000000
__Htext72                                  text72       000000
__Htext73                                  text73       000000
__Htext74                                  text74       000000
__Htext75                                  text75       000000
__Htext76                                  text76       000000
__Htext77                                  text77       000000
__Htext78                                  text78       000000
__Htext79                                  text79       000000
__Htext8                                   text8        000000
__Htext81                                  text81       000000
__Htext82                                  text82       000000
__Htext83                                  text83       000000
__Htext84                                  text84       000000
__Htext85                                  text85       000000
__Htext86                                  text86       000000
__Htext87                                  text87       000000
__Htext88                                  text88       000000
__Htext89                                  text89       000000
__Htext9                                   text9        000000
__Htext90                                  text90       000000
__Htext91                                  text91       000000
__Htext92                                  text92       000000
__Htext93                                  text93       000000
__Htext94                                  text94       000000
__Htext95                                  text95       000000
__Htext96                                  text96       000000
__Htext97                                  text97       000000
__Htext98                                  text98       000000
__Htext99                                  text99       000000
__LRAM                                     (abs)        000001
__Labs1                                    abs1         000000
__Lbank0                                   bank0        000000
__Lbank1                                   bank1        000000
__Lbank10                                  bank10       000000
__Lbank11                                  bank11       000000
__Lbank12                                  bank12       000000
__Lbank13                                  bank13       000000
__Lbank14                                  bank14       000000
__Lbank15                                  bank15       000000
__Lbank2                                   bank2        000000
__Lbank3                                   bank3        000000
__Lbank4                                   bank4        000000
__Lbank5                                   bank5        000000
__Lbank6                                   bank6        000000
__Lbank7                                   bank7        000000
__Lbank8                                   bank8        000000
__Lbank9                                   bank9        000000
__Lbigbss                                  bigbss       000000
__Lbigdata                                 bigdata      000000
__Lbigram                                  bigram       000000
__Lbigsfr                                  bigsfr       000000
__Lbss                                     bss          000000
__LbssBANK0                                bssBANK0     000000
__LbssBANK1                                bssBANK1     000000
__LbssBANK10                               bssBANK10    000000
__LbssBANK2                                bssBANK2     000000
__LbssBANK3                                bssBANK3     000000
__LbssBANK4                                bssBANK4     000000
__LbssBANK5                                bssBANK5     000000
__LbssBANK6                                bssBANK6     000000
__LbssBANK7                                bssBANK7     000000
__LbssBANK8                                bssBANK8     000000
__LbssBANK9                                bssBANK9     000000
__LbssBIGRAM                               bssBIGRAM    000000
__LbssCOMRAM                               bssCOMRAM    000000
__Lcinit                                   cinit        000000
__Lclrtext                                 clrtext      000000
__Lcomram                                  comram       000000
__Lconfig                                  config       000000
__Lconst                                   const        000000
__LcstackBANK0                             cstackBANK0  000000
__LcstackBANK1                             cstackBANK1  000000
__LcstackBANK2                             cstackBANK2  000000
__LcstackBANK5                             cstackBANK5  000000
__LcstackCOMRAM                            cstackCOMRAM 000000
__Ldata                                    data         000000
__LdataBANK0                               dataBANK0    000000
__LdataBANK1                               dataBANK1    000000
__Leeprom_data                             eeprom_data  000000
__Lfarbss                                  farbss       000000
__Lfardata                                 fardata      000000
__Lheap                                    heap         000000
__Libigdata                                ibigdata     000000
__Lidata                                   idata        000000
__LidataBANK0                              idataBANK0   000000
__LidataBANK1                              idataBANK1   000000
__Lidloc                                   idloc        000000
__Lifardata                                ifardata     000000
__Linit                                    init         00025A
__Lintcode                                 intcode      000008
__Lintcode_body                            intcode_body 000000
__Lintcodelo                               intcodelo    00025A
__Lintentry                                intentry     000000
__Lintret                                  intret       000000
__Lintsave_regs                            intsave_regs 000000
__Lirdata                                  irdata       000000
__Lmediumconst                             mediumconst  00FC48
__LnvFARRAM                                nvFARRAM     000000
__Lnvbit                                   nvbit        000000
__Lnvrram                                  nvrram       000000
__Lparam                                   rparam       000000
__Lpowerup                                 powerup      00025A
__Lram                                     ram          000000
__Lramtop                                  ramtop       001000
__Lrbit                                    rbit         000000
__Lrbss                                    rbss         000000
__Lrdata                                   rdata        000000
__Lreset_vec                               reset_vec    000000
__Lrparam                                  rparam       000000
__Lsfr                                     sfr          000000
__Lsmallconst                              smallconst   000000
__Lspace_0                                 (abs)        000000
__Lspace_1                                 (abs)        000000
__Lspace_2                                 (abs)        000000
__Lspace_4                                 (abs)        000000
__Lstack                                   stack        000000
__Lstruct                                  struct       000000
__Ltemp                                    temp         00005D
__Ltext                                    text         000000
__Ltext0                                   text0        000000
__Ltext1                                   text1        000000
__Ltext10                                  text10       000000
__Ltext100                                 text100      000000
__Ltext101                                 text101      000000
__Ltext102                                 text102      000000
__Ltext103                                 text103      000000
__Ltext104                                 text104      000000
__Ltext105                                 text105      000000
__Ltext106                                 text106      000000
__Ltext107                                 text107      000000
__Ltext108                                 text108      000000
__Ltext109                                 text109      000000
__Ltext11                                  text11       000000
__Ltext110                                 text110      000000
__Ltext111                                 text111      000000
__Ltext112                                 text112      000000
__Ltext113                                 text113      000000
__Ltext114                                 text114      000000
__Ltext12                                  text12       000000
__Ltext13                                  text13       000000
__Ltext14                                  text14       000000
__Ltext15                                  text15       000000
__Ltext16                                  text16       000000
__Ltext17                                  text17       000000
__Ltext18                                  text18       000000
__Ltext19                                  text19       000000
__Ltext2                                   text2        000000
__Ltext20                                  text20       000000
__Ltext21                                  text21       000000
__Ltext22                                  text22       000000
__Ltext23                                  text23       000000
__Ltext24                                  text24       000000
__Ltext25                                  text25       000000
__Ltext26                                  text26       000000
__Ltext27                                  text27       000000
__Ltext28                                  text28       000000
__Ltext29                                  text29       000000
__Ltext3                                   text3        000000
__Ltext30                                  text30       000000
__Ltext31                                  text31       000000
__Ltext32                                  text32       000000
__Ltext33                                  text33       000000
__Ltext34                                  text34       000000
__Ltext35                                  text35       000000
__Ltext36                                  text36       000000
__Ltext37                                  text37       000000
__Ltext38                                  text38       000000
__Ltext39                                  text39       000000
__Ltext4                                   text4        000000
__Ltext40                                  text40       000000
__Ltext41                                  text41       000000
__Ltext42                                  text42       000000
__Ltext43                                  text43       000000
__Ltext44                                  text44       000000
__Ltext45                                  text45       000000
__Ltext46                                  text46       000000
__Ltext47                                  text47       000000
__Ltext48                                  text48       000000
__Ltext49                                  text49       000000
__Ltext5                                   text5        000000
__Ltext50                                  text50       000000
__Ltext51                                  text51       000000
__Ltext52                                  text52       000000
__Ltext53                                  text53       000000
__Ltext54                                  text54       000000
__Ltext55                                  text55       000000
__Ltext56                                  text56       000000
__Ltext57                                  text57       000000
__Ltext58                                  text58       000000
__Ltext59                                  text59       000000
__Ltext6                                   text6        000000
__Ltext60                                  text60       000000
__Ltext61                                  text61       000000
__Ltext62                                  text62       000000
__Ltext63                                  text63       000000
__Ltext64                                  text64       000000
__Ltext65                                  text65       000000
__Ltext66                                  text66       000000
__Ltext67                                  text67       000000
__Ltext68                                  text68       000000
__Ltext69                                  text69       000000
__Ltext7                                   text7        000000
__Ltext70                                  text70       000000
__Ltext71                                  text71       000000
__Ltext72                                  text72       000000
__Ltext73                                  text73       000000
__Ltext74                                  text74       000000
__Ltext75                                  text75       000000
__Ltext76                                  text76       000000
__Ltext77                                  text77       000000
__Ltext78                                  text78       000000
__Ltext79                                  text79       000000
__Ltext8                                   text8        000000
__Ltext81                                  text81       000000
__Ltext82                                  text82       000000
__Ltext83                                  text83       000000
__Ltext84                                  text84       000000
__Ltext85                                  text85       000000
__Ltext86                                  text86       000000
__Ltext87                                  text87       000000
__Ltext88                                  text88       000000
__Ltext89                                  text89       000000
__Ltext9                                   text9        000000
__Ltext90                                  text90       000000
__Ltext91                                  text91       000000
__Ltext92                                  text92       000000
__Ltext93                                  text93       000000
__Ltext94                                  text94       000000
__Ltext95                                  text95       000000
__Ltext96                                  text96       000000
__Ltext97                                  text97       000000
__Ltext98                                  text98       000000
__Ltext99                                  text99       000000
__S0                                       (abs)        010000
__S1                                       (abs)        000ED8
__S4                                       (abs)        000000
__S5                                       (abs)        000000
___aldiv                                   text23       007676
___aldiv@counter                           cstackBANK0  000093
___aldiv@dividend                          cstackBANK0  00008B
___aldiv@divisor                           cstackBANK0  00008F
___aldiv@quotient                          cstackBANK0  000095
___aldiv@sign                              cstackBANK0  000094
___almod                                   text22       007D94
___almod@counter                           cstackBANK0  000093
___almod@dividend                          cstackBANK0  00008B
___almod@divisor                           cstackBANK0  00008F
___almod@sign                              cstackBANK0  000094
___aodiv                                   text54       006DD6
___aodiv@counter                           cstackBANK0  00009B
___aodiv@dividend                          cstackBANK0  00008B
___aodiv@divisor                           cstackBANK0  000093
___aodiv@quotient                          cstackBANK0  00009D
___aodiv@sign                              cstackBANK0  00009C
___aomod                                   text53       006F60
___aomod@counter                           cstackBANK0  00009B
___aomod@dividend                          cstackBANK0  00008B
___aomod@divisor                           cstackBANK0  000093
___aomod@sign                              cstackBANK0  00009C
___awdiv                                   text70       00846A
___awdiv@counter                           cstackBANK0  00008F
___awdiv@dividend                          cstackBANK0  00008B
___awdiv@divisor                           cstackBANK0  00008D
___awdiv@quotient                          cstackBANK0  000091
___awdiv@sign                              cstackBANK0  000090
___awmod                                   text7        0085E8
___awmod@counter                           cstackBANK0  00008F
___awmod@dividend                          cstackBANK0  00008B
___awmod@divisor                           cstackBANK0  00008D
___awmod@sign                              cstackBANK0  000090
___fladd                                   text74       004066
___fladd@a                                 cstackBANK1  000126
___fladd@aexp                              cstackBANK1  00012F
___fladd@b                                 cstackBANK1  000122
___fladd@bexp                              cstackBANK1  000130
___fladd@grs                               cstackBANK1  000131
___fladd@signs                             cstackBANK1  00012E
___fldiv                                   text79       004E0C
___fldiv@a                                 cstackBANK1  000111
___fldiv@aexp                              cstackBANK1  000121
___fldiv@b                                 cstackBANK1  00010D
___fldiv@bexp                              cstackBANK1  000120
___fldiv@grs                               cstackBANK1  00011C
___fldiv@new_exp                           cstackBANK1  00011A
___fldiv@rem                               cstackBANK1  000115
___fldiv@sign                              cstackBANK1  000119
___fleq                                    text46       00869A
___fleq@ff1                                cstackBANK0  00008B
___fleq@ff2                                cstackBANK0  00008F
___flge                                    text75       0070C6
___flge@ff1                                cstackBANK1  00010D
___flge@ff2                                cstackBANK1  000111
___flmul                                   text78       004528
___flmul@a                                 cstackBANK0  00009D
___flmul@aexp                              cstackBANK1  000101
___flmul@b                                 cstackBANK0  000099
___flmul@bexp                              cstackBANK1  000106
___flmul@grs                               cstackBANK1  000102
___flmul@prod                              cstackBANK1  000107
___flmul@sign                              cstackBANK1  000100
___flmul@temp                              cstackBANK1  00010B
___flneg                                   text45       00955E
___flneg@f1                                cstackBANK0  00008B
___flsub                                   text73       00939C
___flsub@a                                 cstackBANK1  000136
___flsub@b                                 cstackBANK1  000132
___fltol                                   text69       007558
___fltol@exp1                              cstackBANK0  0000AA
___fltol@f1                                cstackBANK1  000132
___fltol@sign1                             cstackBANK0  0000A9
___fpclassifyf                             text44       007BA0
___fpclassifyf@F465                        bssCOMRAM    000056
___fpclassifyf@e                           cstackBANK0  000093
___fpclassifyf@u                           cstackBANK0  000095
___fpclassifyf@x                           cstackBANK0  00008B
___heap_hi                                 (abs)        000000
___heap_lo                                 (abs)        000000
___inthi_sp                                stack        000000
___intlo_sp                                stack        000000
___lmul                                    text31       008CCA
___lmul@multiplicand                       cstackBANK0  00008F
___lmul@multiplier                         cstackBANK0  00008B
___lmul@product                            cstackBANK0  000093
___param_bank                              (abs)        000000
___rparam_used                             (abs)        000001
___sp                                      stack        000000
___strtoxl                                 text26       0036B0
___strtoxl@a                               cstackBANK1  00010B
___strtoxl@base                            cstackBANK0  00009C
___strtoxl@c                               cstackBANK1  000111
___strtoxl@conv_done                       cstackBANK1  000104
___strtoxl@cp                              cstackBANK1  00010F
___strtoxl@endptr                          cstackBANK0  00009A
___strtoxl@is_signed                       cstackBANK0  00009E
___strtoxl@limit                           cstackBANK1  000105
___strtoxl@prev_a                          cstackBANK1  000100
___strtoxl@s                               cstackBANK0  000098
___strtoxl@sign                            cstackBANK1  000109
___strtoxl@skip                            cstackBANK1  00010A
___wmul                                    text58       009782
___wmul@multiplicand                       cstackBANK0  00008D
___wmul@multiplier                         cstackBANK0  00008B
___wmul@product                            cstackBANK0  00008F
___xxtofl                                  text77       006732
___xxtofl@arg                              cstackBANK0  000095
___xxtofl@exp                              cstackBANK0  000094
___xxtofl@sign                             cstackBANK0  000093
___xxtofl@val                              cstackBANK0  00008B
__accesstop                                (abs)        000060
__activetblptr                             (abs)        000002
__end_of_ISR                               intcode      00025A
__end_of___aldiv                           text23       007784
__end_of___almod                           text22       007E82
__end_of___aodiv                           text54       006F60
__end_of___aomod                           text53       0070C6
__end_of___awdiv                           text70       008530
__end_of___awmod                           text7        00869A
__end_of___fladd                           text74       004528
__end_of___fldiv                           text79       0051C6
__end_of___fleq                            text46       008746
__end_of___flge                            text75       0071F0
__end_of___flmul                           text78       0049E2
__end_of___flneg                           text45       009598
__end_of___flsub                           text73       0093E4
__end_of___fltol                           text69       007676
__end_of___fpclassifyf                     text44       007CA0
__end_of___lmul                            text31       008D36
__end_of___strtoxl                         text26       003B9A
__end_of___wmul                            text58       0097AA
__end_of___xxtofl                          text77       0068EA
__end_of__initialization                   cinit        007F5E
__end_of_abs                               text52       00946C
__end_of_adc_to_actual                     text76       00846A
__end_of_appendHexToBuffer                 text33       0094EA
__end_of_append_string                     text32       008B7C
__end_of_atof                              text86       0097D0
__end_of_atoi                              text55       006732
__end_of_atol                              text11       006DD6
__end_of_calculate_battery_percentage      text72       00656A
__end_of_dtoa                              text47       005AA4
__end_of_efgtoa                            text39       0027FA
__end_of_extractHexadecimalValue           text24       00942A
__end_of_floorf                            text43       00617E
__end_of_fputc                             text50       0083A0
__end_of_fputs                             text49       009354
__end_of_get_battery_level                 text71       00975A
__end_of_get_coords_usb                    text10       005810
__end_of_get_temperature_humidity          text68       005D0A
__end_of_init_MRF89XAM                     text66       008FFC
__end_of_init_adc                          text65       009896
__end_of_init_interrupts                   text64       009818
__end_of_init_pins                         text63       009172
__end_of_init_spi                          text62       009912
__end_of_init_uart1                        text61       0098F6
__end_of_init_uart2                        text60       0098E0
__end_of_insertPeriod                      text8        0085E8
__end_of_isalnum                           text29       008F9A
__end_of_isalpha                           text30       00955E
__end_of_isdigit                           text57       009704
__end_of_islower                           text28       0096D6
__end_of_isspace                           text56       00939C
__end_of_isxdigit                          text100      0090BC
__end_of_itoa                              text6        0082D4
__end_of_labs                              text42       008E08
__end_of_ltoa                              text20       007438
__end_of_main                              text0        004066
__end_of_memcpy                            text41       0092BC
__end_of_memmove                           text9        00804A
__end_of_minutes_to_degrees                text84       005F68
__end_of_move_motor                        text59       008F38
__end_of_nanf                              text99       00983A
__end_of_pad                               text48       008A90
__end_of_parse_MRF_message                 text12       00301C
__end_of_parse_gps_data                    text106      006392
__end_of_parse_usb_message                 text4        001D9C
__end_of_putch                             text51       009926
__end_of_read_byte_gps                     text105      0098CA
__end_of_read_byte_usb                     text104      0098B0
__end_of_read_spi_data                     text103      00987A
__end_of_receive_MRF89XAM                  text102      009922
__end_of_reverse_string                    text21       00887E
__end_of_send_hourly_report                text3        008CCA
__end_of_sprintf                           text35       009218
__end_of_stop_motor                        text2        009674
__end_of_strcat                            text19       009782
__end_of_strchr                            text114      008A12
__end_of_strcmp                            text18       008BEE
__end_of_strcpy                            text40       00905C
__end_of_strcspn                           text110      008ED4
__end_of_strlen                            text34       0091C6
__end_of_strncat                           text5        008B08
__end_of_strncmp                           text17       007318
__end_of_strncpy                           text1        00898C
__end_of_strspn                            text109      008E6E
__end_of_strstr                            text111      008202
__end_of_strtof                            text87       0012A2
__end_of_strtok                            text108      008128
__end_of_strtol                            text25       0096A8
__end_of_toupper                           text27       009524
__end_of_transmit_byte_usb                 text14       00991C
__end_of_transmit_string_MRF89XAM          text15       007D94
__end_of_transmit_string_usb               text13       008906
__end_of_update_coords                     text82       007996
__end_of_vfpfcnvrt                         text37       0036B0
__end_of_vfprintf                          text36       00926A
__end_of_write_spi_data                    text16       00985A
__end_of_write_spi_reg                     text67       0094AC
__end_of_xtoa                              text38       006C40
__end_ofi2___aldiv                         text85       007890
__end_ofi2___fldiv                         text98       005560
[...]
sprintf@f                                  cstackBANK1  0001A0
sprintf@fmt                                cstackBANK1  000198
sprintf@s                                  cstackBANK1  000196
stackhi                                    (abs)        000000
stacklo                                    (abs)        000000
start                                      init         00025A
start_initialization                       cinit        007E82
stop_motor@motor                           cstackBANK0  00008B
strcat@dest                                cstackBANK0  000099
strcat@src                                 cstackBANK0  00009B
strchr@c                                   cstackCOMRAM 000003
strchr@s                                   cstackCOMRAM 000001
strcmp@l                                   cstackBANK0  00008B
strcmp@r                                   cstackBANK0  00008D
strcpy@d                                   cstackBANK0  000097
strcpy@dest                                cstackBANK0  00008F
strcpy@s                                   cstackBANK0  000095
strcpy@src                                 cstackBANK0  000091
strcspn@c                                  cstackCOMRAM 000009
strcspn@i                                  cstackCOMRAM 00000C
strcspn@s                                  cstackCOMRAM 000007
strlen@a                                   cstackBANK0  00008D
strlen@s                                   cstackBANK0  00008B
strncat@d                                  cstackBANK0  00008F
strncat@n                                  cstackBANK0  000093
strncat@s                                  cstackBANK0  000091
strncmp@_l                                 cstackBANK0  00008B
strncmp@_r                                 cstackBANK0  00008D
strncmp@l                                  cstackBANK0  000092
strncmp@n                                  cstackBANK0  00008F
strncmp@r                                  cstackBANK0  000094
strncpy@cp                                 cstackBANK0  000091
strncpy@d                                  cstackBANK0  00008B
strncpy@n                                  cstackBANK0  00008F
strncpy@s                                  cstackBANK0  00008D
strspn@c                                   cstackCOMRAM 000009
strspn@i                                   cstackCOMRAM 00000C
strspn@s                                   cstackCOMRAM 000007
strstr@h                                   cstackCOMRAM 00000C
strstr@n                                   cstackCOMRAM 00000E
strstr@nl                                  cstackCOMRAM 000010
strtof@_u                                  cstackCOMRAM 00002A
strtof@digit                               cstackCOMRAM 000024
strtof@eexp                                cstackCOMRAM 000028
strtof@expon                               cstackCOMRAM 000026
strtof@flags                               cstackCOMRAM 000025
strtof@i                                   cstackCOMRAM 00002E
strtof@res                                 cstackCOMRAM 00001C
strtof@s                                   cstackCOMRAM 00001A
strtok@p                                   bssCOMRAM    00005A
strtok@s                                   cstackCOMRAM 00000E
strtok@sep                                 cstackCOMRAM 000010
strtol@base                                cstackBANK0  0000A7
strtol@endptr                              cstackBANK0  0000A5
strtol@s                                   cstackBANK0  0000A3
toupper@c                                  cstackBANK0  00008F
transmit_byte_usb@message                  cstackBANK0  00008B
transmit_string_MRF89XAM@counter           cstackBANK0  000096
transmit_string_MRF89XAM@length            cstackBANK0  000094
transmit_string_MRF89XAM@tx_str            cstackBANK0  00008F
transmit_string_usb@counter                cstackBANK0  000093
transmit_string_usb@message                cstackBANK0  00008F
ttemp5                                     temp         00005E
ttemp6                                     temp         000061
ttemp7                                     temp         000065
update_coords@temp_f_lat                   cstackCOMRAM 000033
update_coords@temp_f_long                  cstackCOMRAM 000037
vfpfcnvrt@ap                               cstackBANK1  000173
vfpfcnvrt@c                                cstackBANK1  00018B
vfpfcnvrt@convarg                          cstackBANK1  000183
vfpfcnvrt@cp                               cstackBANK1  00018C
vfpfcnvrt@fmt                              cstackBANK1  000171
vfpfcnvrt@fp                               cstackBANK1  00016F
vfprintf@ap                                cstackBANK1  000192
vfprintf@cfmt                              cstackBANK1  000194
vfprintf@fmt                               cstackBANK1  000190
vfprintf@fp                                cstackBANK1  00018E
write_spi_data@data                        cstackBANK0  00008B
write_spi_reg@address_byte                 cstackBANK0  00008D
write_spi_reg@data                         cstackBANK0  00008B
write_spi_reg@reg_address                  cstackBANK0  00008C
wtemp8                                     temp         00005E
xtoa@c                                     cstackBANK1  000122
xtoa@d                                     cstackBANK1  000102
xtoa@fp                                    cstackBANK1  000100
xtoa@i                                     cstackBANK1  000120
xtoa@n                                     cstackBANK1  000118
xtoa@p                                     cstackBANK1  000116
xtoa@w                                     cstackBANK1  000112


MODULE INFORMATION

Module		Function		Class		Link	Load	Size
C:\Program Files\Microchip\xc8\v2.40\pic\sources\c99\common\sprcmul.c
		___flmul       		CODE           	4528	0000	1210

C:\Program Files\Microchip\xc8\v2.40\pic\sources\c99\common\sprcmul.c estimated size: 1210

C:\Program Files\Microchip\xc8\v2.40\pic\sources\c99\common\nf_fputc.c
		_fputc         		CODE           	82D4	0000	204

C:\Program Files\Microchip\xc8\v2.40\pic\sources\c99\common\nf_fputc.c estimated size: 204

C:\Program Files\Microchip\xc8\v2.40\pic\sources\c99\common\sprcdiv.c
		___fldiv       		CODE           	4E0C	0000	954

C:\Program Files\Microchip\xc8\v2.40\pic\sources\c99\common\sprcdiv.c estimated size: 954

C:\Program Files\Microchip\xc8\v2.40\pic\sources\c99\common\strncat.c
		_strncat       		CODE           	8A90	0000	120

C:\Program Files\Microchip\xc8\v2.40\pic\sources\c99\common\strncat.c estimated size: 120

C:\Program Files\Microchip\xc8\v2.40\pic\sources\c99\common\toupper.c
		_toupper       		CODE           	94EA	0000	58

C:\Program Files\Microchip\xc8\v2.40\pic\sources\c99\common\toupper.c estimated size: 58

C:\Program Files\Microchip\xc8\v2.40\pic\sources\c99\common\nf_sprintf.c
		_sprintf       		CODE           	91C6	0000	82

C:\Program Files\Microchip\xc8\v2.40\pic\sources\c99\common\nf_sprintf.c estimated size: 82

C:\Program Files\Microchip\xc8\v2.40\pic\sources\c99\common\memcpy.c
		_memcpy        		CODE           	926A	0000	82

C:\Program Files\Microchip\xc8\v2.40\pic\sources\c99\common\memcpy.c estimated size: 82

C:\Program Files\Microchip\xc8\v2.40\pic\sources\c99\common\isalpha.c
		_isalpha       		CODE           	9524	0000	58

C:\Program Files\Microchip\xc8\v2.40\pic\sources\c99\common\isalpha.c estimated size: 58

C:\Program Files\Microchip\xc8\v2.40\pic\sources\c99\common\awdiv.c
		___awdiv       		CODE           	846A	0000	198

C:\Program Files\Microchip\xc8\v2.40\pic\sources\c99\common\awdiv.c estimated size: 198

C:\Program Files\Microchip\xc8\v2.40\pic\sources\c99\common\fltol.c
		___fltol       		CODE           	7558	0000	286

C:\Program Files\Microchip\xc8\v2.40\pic\sources\c99\common\fltol.c estimated size: 286

C:\Program Files\Microchip\xc8\v2.40\pic\sources\c99\common\isspace.c
		_isspace       		CODE           	9354	0000	72

C:\Program Files\Microchip\xc8\v2.40\pic\sources\c99\common\isspace.c estimated size: 72

C:\Program Files\Microchip\xc8\v2.40\pic\sources\c99\common\strstr.c
		_strstr        		CODE           	8128	0000	218

C:\Program Files\Microchip\xc8\v2.40\pic\sources\c99\common\strstr.c estimated size: 218

C:\Program Files\Microchip\xc8\v2.40\pic\sources\c99\common\atoi.c
		_atoi          		CODE           	656A	0000	456

C:\Program Files\Microchip\xc8\v2.40\pic\sources\c99\common\atoi.c estimated size: 456

C:\Program Files\Microchip\xc8\v2.40\pic\sources\c99\common\aldiv.c
		___aldiv       		CODE           	7676	0000	270

C:\Program Files\Microchip\xc8\v2.40\pic\sources\c99\common\aldiv.c estimated size: 270

C:\Program Files\Microchip\xc8\v2.40\pic\sources\c99\common\Umul16.c
		___wmul        		CODE           	9782	0000	40

C:\Program Files\Microchip\xc8\v2.40\pic\sources\c99\common\Umul16.c estimated size: 40

C:\Program Files\Microchip\xc8\v2.40\pic\sources\c99\common\isxdigit.c
		_isxdigit      		CODE           	905C	0000	96

C:\Program Files\Microchip\xc8\v2.40\pic\sources\c99\common\isxdigit.c estimated size: 96

C:\Program Files\Microchip\xc8\v2.40\pic\sources\c99\common\fleq.c
		___fleq        		CODE           	869A	0000	172

C:\Program Files\Microchip\xc8\v2.40\pic\sources\c99\common\fleq.c estimated size: 172

C:\Program Files\Microchip\xc8\v2.40\pic\sources\c99\common\strncmp.c
		_strncmp       		CODE           	71F0	0000	296

C:\Program Files\Microchip\xc8\v2.40\pic\sources\c99\common\strncmp.c estimated size: 296

C:\Program Files\Microchip\xc8\v2.40\pic\sources\c99\common\strncpy.c
		_strncpy       		CODE           	8906	0000	134

C:\Program Files\Microchip\xc8\v2.40\pic\sources\c99\common\strncpy.c estimated size: 134

BeeBot_Globals.c
		_reverse_string		CODE           	87F0	0000	142
		_itoa          		CODE           	8202	0000	210
		_ltoa          		CODE           	7318	0000	288
		_append_string 		CODE           	8B08	0000	116

BeeBot_Globals.c estimated size: 756

C:\Program Files\Microchip\xc8\v2.40\pic\sources\c99\common\abs.c
		_abs           		CODE           	942A	0000	66

C:\Program Files\Microchip\xc8\v2.40\pic\sources\c99\common\abs.c estimated size: 66

C:\Program Files\Microchip\xc8\v2.40\pic\sources\c99\common\strtok.c
		_strtok        		CODE           	804A	0000	222

C:\Program Files\Microchip\xc8\v2.40\pic\sources\c99\common\strtok.c estimated size: 222

C:\Program Files\Microchip\xc8\v2.40\pic\sources\c99\common\memmove.c
		_memmove       		CODE           	7F6C	0000	222

C:\Program Files\Microchip\xc8\v2.40\pic\sources\c99\common\memmove.c estimated size: 222

C:\Program Files\Microchip\xc8\v2.40\pic\sources\c99\common\__fpclassifyf.c
		___fpclassifyf 		CODE           	7BA0	0000	256

C:\Program Files\Microchip\xc8\v2.40\pic\sources\c99\common\__fpclassifyf.c estimated size: 256

C:\Program Files\Microchip\xc8\v2.40\pic\sources\c99\common\isdigit.c
		_isdigit       		CODE           	96D6	0000	46

C:\Program Files\Microchip\xc8\v2.40\pic\sources\c99\common\isdigit.c estimated size: 46

C:\Program Files\Microchip\xc8\v2.40\pic\sources\c99\common\sprcadd.c
		___flsub       		CODE           	939C	0000	72
		___fladd       		CODE           	4066	0000	1218

C:\Program Files\Microchip\xc8\v2.40\pic\sources\c99\common\sprcadd.c estimated size: 1290

C:\Program Files\Microchip\xc8\v2.40\pic\sources\c99\common\floorf.c
		_floorf        		CODE           	5F68	0000	534

C:\Program Files\Microchip\xc8\v2.40\pic\sources\c99\common\floorf.c estimated size: 534

MCP2221A.c
		_transmit_byte_usb		CODE           	9912	0000	10
		_get_coords_usb		CODE           	5560	0000	688
		_init_uart2    		CODE           	98CA	0000	22
		_read_byte_usb 		CODE           	9896	0000	26
		_insertPeriod  		CODE           	8530	0000	184
		_parse_usb_message		CODE           	12A2	0000	2810
		_transmit_string_usb		CODE           	887E	0000	136

MCP2221A.c estimated size: 3876

C:\Program Files\Microchip\xc8\v2.40\pic\sources\c99\common\Umul32.c
		___lmul        		CODE           	8CCA	0000	108

C:\Program Files\Microchip\xc8\v2.40\pic\sources\c99\common\Umul32.c estimated size: 108

C:\Program Files\Microchip\xc8\v2.40\pic\sources\c99\common\flneg.c
		___flneg       		CODE           	955E	0000	58

C:\Program Files\Microchip\xc8\v2.40\pic\sources\c99\common\flneg.c estimated size: 58

C:\Program Files\Microchip\xc8\v2.40\pic\sources\c99\common\strcat.c
		_strcat        		CODE           	975A	0000	40

C:\Program Files\Microchip\xc8\v2.40\pic\sources\c99\common\strcat.c estimated size: 40

C:\Program Files\Microchip\xc8\v2.40\pic\sources\c99\common\labs.c
		_labs          		CODE           	8DA0	0000	104

C:\Program Files\Microchip\xc8\v2.40\pic\sources\c99\common\labs.c estimated size: 104

BeeBot_Main.c
		_ISR           		CODE           	0008	0000	594
		_init_pins     		CODE           	911A	0000	88
		_send_hourly_report		CODE           	8C5E	0000	108
		_appendHexToBuffer		CODE           	94AC	0000	62
		_main          		CODE           	3B9A	0000	1228
		_adc_to_actual 		CODE           	83A0	0000	202
		_parse_MRF_message		CODE           	27FA	0000	2082
		_stop_motor    		CODE           	9640	0000	52
		_init_adc      		CODE           	987A	0000	28
		_update_coords 		CODE           	7890	0000	262
		_move_motor    		CODE           	8ED4	0000	100
		_calculate_battery_percentage		CODE           	6392	0000	472
		_get_temperature_humidity		CODE           	5AA4	0000	614
		_minutes_to_degrees		CODE           	5D0A	0000	606
		_init_interrupts		CODE           	97F6	0000	34
		_get_battery_level		CODE           	9730	0000	42
		_extractHexadecimalValue		CODE           	93E4	0000	70

BeeBot_Main.c estimated size: 6644

C:\Program Files\Microchip\xc8\v2.40\pic\sources\c99\common\strcspn.c
		_strcspn       		CODE           	8E6E	0000	102

C:\Program Files\Microchip\xc8\v2.40\pic\sources\c99\common\strcspn.c estimated size: 102

C:\Program Files\Microchip\xc8\v2.40\pic\sources\c99\common\xxtofl.c
		___xxtofl      		CODE           	6732	0000	440

C:\Program Files\Microchip\xc8\v2.40\pic\sources\c99\common\xxtofl.c estimated size: 440

C:\Program Files\Microchip\xc8\v2.40\pic\sources\c99\common\atol.c
		_atol          		CODE           	6C40	0000	406

C:\Program Files\Microchip\xc8\v2.40\pic\sources\c99\common\atol.c estimated size: 406

C:\Program Files\Microchip\xc8\v2.40\pic\sources\c99\common\nf_fputs.c
		_fputs         		CODE           	930C	0000	72

C:\Program Files\Microchip\xc8\v2.40\pic\sources\c99\common\nf_fputs.c estimated size: 72

C:\Program Files\Microchip\xc8\v2.40\pic\sources\c99\common\__strtoxl.c
		___strtoxl     		CODE           	36B0	0000	1258

C:\Program Files\Microchip\xc8\v2.40\pic\sources\c99\common\__strtoxl.c estimated size: 1258

C:\Program Files\Microchip\xc8\v2.40\pic\sources\c99\common\isalnum.c
		_isalnum       		CODE           	8F38	0000	98

C:\Program Files\Microchip\xc8\v2.40\pic\sources\c99\common\isalnum.c estimated size: 98

C:\Program Files\Microchip\xc8\v2.40\pic\sources\c99\common\aomod.c
		___aomod       		CODE           	6F60	0000	358

C:\Program Files\Microchip\xc8\v2.40\pic\sources\c99\common\aomod.c estimated size: 358

C:\Program Files\Microchip\xc8\v2.40\pic\sources\c99\common\strlen.c
		_strlen        		CODE           	9172	0000	84

C:\Program Files\Microchip\xc8\v2.40\pic\sources\c99\common\strlen.c estimated size: 84

shared
		i2___fleq      		CODE           	8746	0000	170
		i2_isspace     		CODE           	95D0	0000	56
		i2_strncmp     		CODE           	7438	0000	288
		i2_isdigit     		CODE           	9704	0000	44
		i2___flneg     		CODE           	9608	0000	56
		i2_strcpy      		CODE           	90BC	0000	94
		i2___wmul      		CODE           	97D0	0000	38
		i2___fldiv     		CODE           	51C6	0000	922
		i2___fltol     		CODE           	7996	0000	262
		__initialization		CODE           	7E82	0000	220
		i2___flge      		CODE           	7A9C	0000	260
		i2___lmul      		CODE           	8D36	0000	106
		i2___aldiv     		CODE           	7784	0000	268
		i2___flmul     		CODE           	49E2	0000	1066
		i2___xxtofl    		CODE           	68EA	0000	436
		i2_islower     		CODE           	9926	0000	2
		i2_append_string		CODE           	8BEE	0000	112
		i2_strlen      		CODE           	92BC	0000	80
		i2_toupper     		CODE           	9598	0000	56

shared estimated size: 4536

C:\Program Files\Microchip\xc8\v2.40\pic\sources\c99\common\strcmp.c
		_strcmp        		CODE           	8B7C	0000	114

C:\Program Files\Microchip\xc8\v2.40\pic\sources\c99\common\strcmp.c estimated size: 114

C:\Program Files\Microchip\xc8\v2.40\pic\sources\c99\common\strchr.c
		_strchr        		CODE           	898C	0000	134

C:\Program Files\Microchip\xc8\v2.40\pic\sources\c99\common\strchr.c estimated size: 134

MRF89XAM.c
		_init_spi      		CODE           	9906	0000	12
		_transmit_string_MRF89XAM		CODE           	7CA0	0000	244
		_read_spi_data 		CODE           	985A	0000	32
		_receive_MRF89XAM		CODE           	991C	0000	6
		_init_MRF89XAM 		CODE           	8F9A	0000	98
		_write_spi_reg 		CODE           	946C	0000	64
		_write_spi_data		CODE           	983A	0000	32

MRF89XAM.c estimated size: 488

C:\Program Files\Microchip\xc8\v2.40\pic\sources\c99\common\strcpy.c
		_strcpy        		CODE           	8FFC	0000	96

C:\Program Files\Microchip\xc8\v2.40\pic\sources\c99\common\strcpy.c estimated size: 96

C:\Program Files\Microchip\xc8\v2.40\pic\sources\c99\common\flge.c
		___flge        		CODE           	70C6	0000	298

C:\Program Files\Microchip\xc8\v2.40\pic\sources\c99\common\flge.c estimated size: 298

GPS.c
		_parse_gps_data		CODE           	617E	0000	532
		_init_uart1    		CODE           	98E0	0000	22
		_read_byte_gps 		CODE           	98B0	0000	26

GPS.c estimated size: 580

C:\Program Files\Microchip\xc8\v2.40\pic\sources\c99\common\awmod.c
		___awmod       		CODE           	85E8	0000	178

C:\Program Files\Microchip\xc8\v2.40\pic\sources\c99\common\awmod.c estimated size: 178

C:\Program Files\Microchip\xc8\v2.40\pic\sources\c99\common\putch.c
		_putch         		CODE           	9924	0000	2

C:\Program Files\Microchip\xc8\v2.40\pic\sources\c99\common\putch.c estimated size: 2

C:\Program Files\Microchip\xc8\v2.40\pic\sources\c99\common\strtol.c
		_strtol        		CODE           	9674	0000	52

C:\Program Files\Microchip\xc8\v2.40\pic\sources\c99\common\strtol.c estimated size: 52

C:\Program Files\Microchip\xc8\v2.40\pic\sources\c99\common\almod.c
		___almod       		CODE           	7D94	0000	238

C:\Program Files\Microchip\xc8\v2.40\pic\sources\c99\common\almod.c estimated size: 238

C:\Program Files\Microchip\xc8\v2.40\pic\sources\c99\common\doprnt.c
		_vfpfcnvrt     		CODE           	301C	0000	1684
		_efgtoa        		CODE           	1D9C	0000	2654
		_pad           		CODE           	8A12	0000	126
		_dtoa          		CODE           	5810	0000	660
		_vfprintf      		CODE           	9218	0000	82
		_xtoa          		CODE           	6A9E	0000	418

C:\Program Files\Microchip\xc8\v2.40\pic\sources\c99\common\doprnt.c estimated size: 5624

C:\Program Files\Microchip\xc8\v2.40\pic\sources\c99\common\strspn.c
		_strspn        		CODE           	8E08	0000	102

C:\Program Files\Microchip\xc8\v2.40\pic\sources\c99\common\strspn.c estimated size: 102

C:\Program Files\Microchip\xc8\v2.40\pic\sources\c99\common\strtof.c
		_atof          		CODE           	97AA	0000	38
		_strtof        		CODE           	025E	0000	4164

C:\Program Files\Microchip\xc8\v2.40\pic\sources\c99\common\strtof.c estimated size: 4202

C:\Program Files\Microchip\xc8\v2.40\pic\sources\c99\common\islower.c
		_islower       		CODE           	96A8	0000	46

C:\Program Files\Microchip\xc8\v2.40\pic\sources\c99\common\islower.c estimated size: 46

C:\Program Files\Microchip\xc8\v2.40\pic\sources\c99\common\aodiv.c
		___aodiv       		CODE           	6DD6	0000	394

C:\Program Files\Microchip\xc8\v2.40\pic\sources\c99\common\aodiv.c estimated size: 394

C:\Program Files\Microchip\xc8\v2.40\pic\sources\c99\common\nanf.c
		_nanf          		CODE           	9818	0000	34

C:\Program Files\Microchip\xc8\v2.40\pic\sources\c99\common\nanf.c estimated size: 34

